
> server@1.0.0 dev
> nodemon src/server.js

[33m[nodemon] 3.1.14[39m
[33m[nodemon] to restart at any time, enter `rs`[39m
[33m[nodemon] watching path(s): *.*[39m
[33m[nodemon] watching extensions: js,mjs,cjs,json[39m
[32m[nodemon] starting `node src/server.js`[39m
◇ injected env (0) from .env // tip: ◈ encrypted .env [www.dotenvx.com]
MongoDB connected: 127.0.0.1
Server running on port 5000
[32m[nodemon] restarting due to changes...[39m
[32m[nodemon] starting `node src/server.js`[39m
◇ injected env (0) from .env // tip: ◈ secrets for agents [www.dotenvx.com]
MongoDB connected: 127.0.0.1
Server running on port 5000
[32m[nodemon] restarting due to changes...[39m
[32m[nodemon] restarting due to changes...[39m
[32m[nodemon] starting `node src/server.js`[39m
[32m[nodemon] restarting due to changes...[39m
[32m[nodemon] starting `node src/server.js`[39m
[32m[nodemon] restarting due to changes...[39m
◇ injected env (0) from .env // tip: ◈ encrypted .env [www.dotenvx.com]
MongoDB connected: 127.0.0.1
Server running on port 5000
[32m[nodemon] starting `node src/server.js`[39m
◇ injected env (0) from .env // tip: ⌘ override existing { override: true }
MongoDB connected: 127.0.0.1
Server running on port 5000
and startups offering similar value, so differentiation will be important.",
  "riskAssessment": "Main risks include competition, positioning clarity, and early user acquisition challenges.",
  "suggestions": [
    "Focus on a sharper value proposition and simple onboarding flow.",
    "Validate demand early through feedback from real target users.",
    "Strengthen differentiation with a clear product advantage or niche."
  ],
  "businessModel": {
    "customerSegments": [
      "University founders and student entrepreneurs",
      "Institutions or organizations in the same space"
    ],
    "valueProposition": [
      "Solves a specific user pain point with a digital-first approach.",
      "Can improve efficiency, decision quality, or user experience."
    ],
    "channels": [
      "Web platform",
      "Direct outreach and partnerships"
    ],
    "revenueStreams": [
      "Subscription plans",
      "Institutional or B2B partnerships"
    ],
    "costStructure": [
      "Product development",
      "Marketing and customer acquisition"
    ]
  },
  "pitchDeck": {
    "problem": "Users still face friction in solving this problem efficiently with current available solutions.",
    "solution": "A focused digital platform that simplifies the experience and adds intelligent personalization.",
    "targetMarket": "EdTech users, especially University founders and student entrepreneurs.",
    "businessModel": "Recurring subscription with potential partnership-led distribution.",
    "competition": "Competes with existing digital tools, manual alternatives, and niche startups.",
    "financialSummary": "Moderate startup cost with room for recurring revenue and scalable growth if adoption is validated.",
    "roadmap": [
      "Build MVP and test with target users.",
      "Refine positioning and launch acquisition experiments.",
      "Scale product and partnerships based on usage data."
    ]
  }
}
SAVED REPORT: {
  ideaId: new ObjectId('6a0b2f42f804c7e0115a9f7e'),
  userId: new ObjectId('6a0b2f41f804c7e0115a9f7d'),
  overallScore: 84,
  dimensionScores: {
    marketOpportunity: 84,
    uniqueness: 67.6,
    scalability: 79,
    financialViability: 68,
    executionComplexity: 42
  },
  marketAnalysis: 'The EdTech market continues to create room for digital products that solve clear problems with measurable value.',
  competitorOverview: 'Competition is likely to come from existing digital tools and startups offering similar value, so differentiation will be important.',
  aiAnalysis: 'AI startup validation assistant for university founders shows promising potential in the EdTech space, especially if the product focuses on solving a clear user problem for University founders and student entrepreneurs.',
  aiText: 'AI startup validation assistant for university founders shows promising potential in the EdTech space, especially if the product focuses on solving a clear user problem for University founders and student entrepreneurs.',
  riskAssessment: 'Main risks include competition, positioning clarity, and early user acquisition challenges.',
  suggestions: [
    'Focus on a sharper value proposition and simple onboarding flow.',
    'Validate demand early through feedback from real target users.',
    'Strengthen differentiation with a clear product advantage or niche.'
  ],
  swot: {
    strengths: [
      'Idea aligns with a real-world user problem.',
      'Potential for digital delivery and iteration.'
    ],
    weaknesses: [
      'Positioning may need further refinement.',
      'Execution success depends on user adoption strategy.'
    ],
    opportunities: [
      'Growing interest in EdTech innovation.',
      'Potential partnerships can improve reach and credibility.'
    ],
    threats: [
      'Established competitors may already serve adjacent use cases.',
      'Customer acquisition costs may rise without a focused go-to-market plan.'
    ]
  },
  businessModel: {
    customerSegments: [
      'University founders and student entrepreneurs',
      'Institutions or organizations in the same space'
    ],
    valueProposition: [
      'Solves a specific user pain point with a digital-first approach.',
      'Can improve efficiency, decision quality, or user experience.'
    ],
    channels: [ 'Web platform', 'Direct outreach and partnerships' ],
    revenueStreams: [ 'Subscription plans', 'Institutional or B2B partnerships' ],
    costStructure: [ 'Product development', 'Marketing and customer acquisition' ]
  },
  businessModelCanvas: {
    customerSegments: [
      'University founders and student entrepreneurs',
      'Institutions or organizations in the same space'
    ],
    valueProposition: [
      'Solves a specific user pain point with a digital-first approach.',
      'Can improve efficiency, decision quality, or user experience.'
    ],
    channels: [ 'Web platform', 'Direct outreach and partnerships' ],
    revenueStreams: [ 'Subscription plans', 'Institutional or B2B partnerships' ],
    costStructure: [ 'Product development', 'Marketing and customer acquisition' ]
  },
  financialProjection: {
    initialInvestment: 155000,
    monthlyCost: 25000,
    expectedRevenue: 145000,
    breakEvenMonths: 6,
    yearlyProfit: 1440000
  },
  pitchDeck: {
    problem: 'Users still face friction in solving this problem efficiently with current available solutions.',
    solution: 'A focused digital platform that simplifies the experience and adds intelligent personalization.',
    targetMarket: 'EdTech users, especially University founders and student entrepreneurs.',
    businessModel: 'Recurring subscription with potential partnership-led distribution.',
    competition: 'Competes with existing digital tools, manual alternatives, and niche startups.',
    financialSummary: 'Moderate startup cost with room for recurring revenue and scalable growth if adoption is validated.',
    roadmap: [
      'Build MVP and test with target users.',
      'Refine positioning and launch acquisition experiments.',
      'Scale product and partnerships based on usage data.'
    ]
  },
  investorInsights: {
    fundingRequired: 225000,
    roiEstimate: 95,
    riskLevel: 'Low',
    growthPotential: 'Medium'
  },
  _id: new ObjectId('6a0b2f43f804c7e0115a9f7f'),
  createdAt: 2026-05-18T15:24:51.760Z,
  updatedAt: 2026-05-18T15:24:51.760Z,
  __v: 0
}
[DB] Saved report: {
  "reportId": "6a0b2f43f804c7e0115a9f7f",
  "ideaId": "6a0b2f42f804c7e0115a9f7e",
  "aiText": "AI startup validation assistant for university founders shows promising potential in the EdTech space, especially if the product focuses on solving a clear user problem for University founders and student entrepreneurs.",
  "marketAnalysis": "The EdTech market continues to create room for digital products that solve clear problems with measurable value.",
  "competitorOverview": "Competition is likely to come from existing digital tools and startups offering similar value, so differentiation will be important.",
  "riskAssessment": "Main risks include competition, positioning clarity, and early user acquisition challenges.",
  "suggestions": [
    "Focus on a sharper value proposition and simple onboarding flow.",
    "Validate demand early through feedback from real target users.",
    "Strengthen differentiation with a clear product advantage or niche."
  ],
  "businessModel": {
    "customerSegments": [
      "University founders and student entrepreneurs",
      "Institutions or organizations in the same space"
    ],
    "valueProposition": [
      "Solves a specific user pain point with a digital-first approach.",
      "Can improve efficiency, decision quality, or user experience."
    ],
    "channels": [
      "Web platform",
      "Direct outreach and partnerships"
    ],
    "revenueStreams": [
      "Subscription plans",
      "Institutional or B2B partnerships"
    ],
    "costStructure": [
      "Product development",
      "Marketing and customer acquisition"
    ]
  },
  "pitchDeck": {
    "problem": "Users still face friction in solving this problem efficiently with current available solutions.",
    "solution": "A focused digital platform that simplifies the experience and adds intelligent personalization.",
    "targetMarket": "EdTech users, especially University founders and student entrepreneurs.",
    "businessModel": "Recurring subscription with potential partnership-led distribution.",
    "competition": "Competes with existing digital tools, manual alternatives, and niche startups.",
    "financialSummary": "Moderate startup cost with room for recurring revenue and scalable growth if adoption is validated.",
    "roadmap": [
      "Build MVP and test with target users.",
      "Refine positioning and launch acquisition experiments.",
      "Scale product and partnerships based on usage data."
    ]
  }
}
[31m[nodemon] app crashed - waiting for file changes before starting...[39m
[32m[nodemon] restarting due to changes...[39m
[32m[nodemon] starting `node src/server.js`[39m
◇ injected env (0) from .env // tip: ◈ encrypted .env [www.dotenvx.com]
MongoDB connected: 127.0.0.1
Server running on port 5000
[32m[nodemon] restarting due to changes...[39m
[32m[nodemon] restarting due to changes...[39m
[32m[nodemon] starting `node src/server.js`[39m
[32m[nodemon] restarting due to changes...[39m
[32m[nodemon] starting `node src/server.js`[39m
[32m[nodemon] restarting due to changes...[39m
◇ injected env (0) from .env // tip: ⌘ enable debugging { debug: true }
MongoDB connected: 127.0.0.1
Server running on port 5000
[32m[nodemon] starting `node src/server.js`[39m
◇ injected env (0) from .env // tip: ⌘ multiple files { path: ['.env.local', '.env'] }
MongoDB connected: 127.0.0.1
Server running on port 5000
